// Jest Snapshot v1, https://goo.gl/fbAQLP

exports[`should render EditExpensePage correctly 1`] = `
<div>
  <div
    className="page-header"
  >
    <div
      className="content-container"
    >
      <h1
        className="page-header__title"
      >
        Edit Expenses
      </h1>
    </div>
  </div>
  <div
    className="content-container"
  >
    <ExpenseForm
      expense={
        Object {
          "amount": 1500,
          "createdAt": 345600000,
          "description": "Tea",
          "id": "2",
          "note": "",
        }
      }
      onSubmit={[Function]}
    />
    <Link
      to="/"
    >
      <button
        className="button button--remove"
        onClick={[Function]}
      >
        Remove Expense
      </button>
    </Link>
  </div>
</div>
`;
